// 重构日志: 84b402a6
// 重构日志: c826052e
// 重构日志: 1a29e177
// 重构日志: d6f404ca
// 同步 ID: 4e7c703a @ Sat Jul 25 12:50:23 UTC 2026
// 同步 ID: 969206ad @ Sat Jul 25 18:33:32 UTC 2026
// 重构日志: 6bff4713
// 重构日志: a439ccd4
// 同步 ID: 337b6704 @ Sun Jul 26 15:41:08 UTC 2026
// 重构日志: 2e8d022f
// 重构日志: 5f9d937b
// 同步 ID: 6f9c4b28 @ Tue Jul 28 19:32:18 UTC 2026
// 同步 ID: 2122495b @ Wed Jul 29 13:30:28 UTC 2026
// 重构日志: a25c178b
// 同步 ID: c4c873f6 @ Thu Jul 30 04:08:13 UTC 2026
// 重构日志: c492a116
// 重构日志: c4a331f4
// 重构日志: 4f007763
// 同步 ID: 0d39f7d4 @ Sat Aug  1 08:07:35 UTC 2026
// 同步 ID: 03714332 @ Sat Aug  1 10:02:36 UTC 2026
// 同步 ID: ba89bc33 @ Sat Aug  1 12:41:35 UTC 2026
// 同步 ID: 2fc58865 @ Sat Aug  1 18:33:48 UTC 2026
// 同步 ID: b9775ac0 @ Sun Aug  2 07:48:45 UTC 2026
// 重构日志: 464c724d
// 重构日志: 7aace1da
// 同步 ID: 19b3a88e @ Mon Aug  3 17:28:44 UTC 2026
// 同步 ID: fddbc34f @ Tue Aug  4 10:18:33 UTC 2026
// 重构日志: e9b4b2c9
// 同步 ID: e4eb30ae @ Wed Aug  5 11:56:17 UTC 2026
// 同步 ID: 5ba2c15d @ Thu Aug  6 04:54:17 UTC 2026
